[    0.000000] microcode: microcode updated early to revision 0x28, date = 2019-11-12
[    0.000000] Linux version 5.15.0-53-generic (buildd@lcy02-amd64-047) (gcc (Ubuntu 11.2.0-19ubuntu1) 11.2.0, GNU ld (GNU Binutils for Ubuntu) 2.38) #59-Ubuntu SMP Mon Oct 17 18:53:30 UTC 2022 (Ubuntu 5.15.0-53.59-generic 5.15.64)
[    0.000000] Command line: BOOT_IMAGE=/vmlinuz-5.15.0-53-generic root=/dev/mapper/ubuntu--vg-ubuntu--lv ro
[    0.000000] KERNEL supported cpus:
[    0.000000]   Intel GenuineIntel
[    0.000000]   AMD AuthenticAMD
[    0.000000]   Hygon HygonGenuine
[    0.000000]   Centaur CentaurHauls
[    0.000000]   zhaoxin   Shanghai
[    0.000000] x86/fpu: Supporting XSAVE feature 0x001: 'x87 floating point registers'
[    0.000000] x86/fpu: Supporting XSAVE feature 0x002: 'SSE registers'
[    0.000000] x86/fpu: Supporting XSAVE feature 0x004: 'AVX registers'
[    0.000000] x86/fpu: xstate_offset[2]:  576, xstate_sizes[2]:  256
[    0.000000] x86/fpu: Enabled xstate features 0x7, context size is 832 bytes, using 'standard' format.
[    0.000000] signal: max sigframe size: 1776
[    0.000000] BIOS-provided physical RAM map:
[    0.000000] BIOS-e820: [mem 0x0000000000000000-0x0000000000057fff] usable
[    0.000000] BIOS-e820: [mem 0x0000000000058000-0x0000000000058fff] reserved
[    0.000000] BIOS-e820: [mem 0x0000000000059000-0x000000000009efff] usable
[    0.000000] BIOS-e820: [mem 0x000000000009f000-0x000000000009ffff] reserved
[    0.000000] BIOS-e820: [mem 0x0000000000100000-0x00000000cd4bffff] usable
[    0.000000] BIOS-e820: [mem 0x00000000cd4c0000-0x00000000cd4c6fff] ACPI NVS
[    0.000000] BIOS-e820: [mem 0x00000000cd4c7000-0x00000000dd67afff] usable
[    0.000000] BIOS-e820: [mem 0x00000000dd67b000-0x00000000dd761fff] reserved
[    0.000000] BIOS-e820: [mem 0x00000000dd762000-0x00000000dd7adfff] usable
[    0.000000] BIOS-e820: [mem 0x00000000dd7ae000-0x00000000dd8e3fff] ACPI NVS
[    0.000000] BIOS-e820: [mem 0x00000000dd8e4000-0x00000000df7fefff] reserved
[    0.000000] BIOS-e820: [mem 0x00000000df7ff000-0x00000000df7fffff] usable
[    0.000000] BIOS-e820: [mem 0x00000000f8000000-0x00000000fbffffff] reserved
[    0.000000] BIOS-e820: [mem 0x00000000fec00000-0x00000000fec00fff] reserved
[    0.000000] BIOS-e820: [mem 0x00000000fed00000-0x00000000fed03fff] reserved
[    0.000000] BIOS-e820: [mem 0x00000000fed1c000-0x00000000fed1ffff] reserved
[    0.000000] BIOS-e820: [mem 0x00000000fee00000-0x00000000fee00fff] reserved
[    0.000000] BIOS-e820: [mem 0x00000000ff000000-0x00000000ffffffff] reserved
[    0.000000] BIOS-e820: [mem 0x0000000100000000-0x000000041fffffff] usable
[    0.000000] NX (Execute Disable) protection: active
[    0.000000] e820: update [mem 0xcd087018-0xcd097057] usable ==> usable
[    0.000000] e820: update [mem 0xcd087018-0xcd097057] usable ==> usable
[    0.000000] e820: update [mem 0xcddea018-0xcddf2057] usable ==> usable
[    0.000000] e820: update [mem 0xcddea018-0xcddf2057] usable ==> usable
[    0.000000] e820: update [mem 0xcd076018-0xcd086857] usable ==> usable
[    0.000000] e820: update [mem 0xcd076018-0xcd086857] usable ==> usable
[    0.000000] extended physical RAM map:
[    0.000000] reserve setup_data: [mem 0x0000000000000000-0x0000000000057fff] usable
[    0.000000] reserve setup_data: [mem 0x0000000000058000-0x0000000000058fff] reserved
[    0.000000] reserve setup_data: [mem 0x0000000000059000-0x000000000009efff] usable
[    0.000000] reserve setup_data: [mem 0x000000000009f000-0x000000000009ffff] reserved
[    0.000000] reserve setup_data: [mem 0x0000000000100000-0x00000000cd076017] usable
[    0.000000] reserve setup_data: [mem 0x00000000cd076018-0x00000000cd086857] usable
[    0.000000] reserve setup_data: [mem 0x00000000cd086858-0x00000000cd087017] usable
[    0.000000] reserve setup_data: [mem 0x00000000cd087018-0x00000000cd097057] usable
[    0.000000] reserve setup_data: [mem 0x00000000cd097058-0x00000000cd4bffff] usable
[    0.000000] reserve setup_data: [mem 0x00000000cd4c0000-0x00000000cd4c6fff] ACPI NVS
[    0.000000] reserve setup_data: [mem 0x00000000cd4c7000-0x00000000cddea017] usable
[    0.000000] reserve setup_data: [mem 0x00000000cddea018-0x00000000cddf2057] usable
[    0.000000] reserve setup_data: [mem 0x00000000cddf2058-0x00000000dd67afff] usable
[    0.000000] reserve setup_data: [mem 0x00000000dd67b000-0x00000000dd761fff] reserved
[    0.000000] reserve setup_data: [mem 0x00000000dd762000-0x00000000dd7adfff] usable
[    0.000000] reserve setup_data: [mem 0x00000000dd7ae000-0x00000000dd8e3fff] ACPI NVS
[    0.000000] reserve setup_data: [mem 0x00000000dd8e4000-0x00000000df7fefff] reserved
[    0.000000] reserve setup_data: [mem 0x00000000df7ff000-0x00000000df7fffff] usable
[    0.000000] reserve setup_data: [mem 0x00000000f8000000-0x00000000fbffffff] reserved
[    0.000000] reserve setup_data: [mem 0x00000000fec00000-0x00000000fec00fff] reserved
[    0.000000] reserve setup_data: [mem 0x00000000fed00000-0x00000000fed03fff] reserved
[    0.000000] reserve setup_data: [mem 0x00000000fed1c000-0x00000000fed1ffff] reserved
[    0.000000] reserve setup_data: [mem 0x00000000fee00000-0x00000000fee00fff] reserved
[    0.000000] reserve setup_data: [mem 0x00000000ff000000-0x00000000ffffffff] reserved
[    0.000000] reserve setup_data: [mem 0x0000000100000000-0x000000041fffffff] usable
[    0.000000] efi: EFI v2.31 by American Megatrends
[    0.000000] efi: ESRT=0xdf77f998 ACPI 2.0=0xdd8b6000 ACPI=0xdd8b6000 SMBIOS=0xf04c0 MOKvar=0xd1aaa000
[    0.000000] secureboot: Secure boot disabled
[    0.000000] SMBIOS 2.7 present.
[    0.000000] DMI: Supermicro X10SLL-F/X10SLL-F, BIOS 3.0a 12/21/2015
[    0.000000] tsc: Fast TSC calibration using PIT
[    0.000000] tsc: Detected 3399.991 MHz processor
[    0.000360] e820: update [mem 0x00000000-0x00000fff] usable ==> reserved
[    0.000363] e820: remove [mem 0x000a0000-0x000fffff] usable
[    0.000371] last_pfn = 0x420000 max_arch_pfn = 0x400000000
[    0.000499] x86/PAT: Configuration [0-7]: WB  WC  UC- UC  WB  WP  UC- WT
[    0.001379] total RAM covered: 16384M
[    0.001492] Found optimal setting for mtrr clean up
[    0.001493]  gran_size: 64K  chunk_size: 64K         num_reg: 6      lose cover RAM: 0G
[    0.001786] e820: update [mem 0xe0000000-0xffffffff] usable ==> reserved
[    0.001790] last_pfn = 0xdf800 max_arch_pfn = 0x400000000
[    0.008494] found SMP MP-table at [mem 0x000fd700-0x000fd70f]
[    0.008506] esrt: Reserving ESRT space from 0x00000000df77f998 to 0x00000000df77f9d0.
[    0.008513] e820: update [mem 0xd1aaa000-0xd1aaafff] usable ==> reserved
[    0.008533] Using GB pages for direct mapping
[    0.008978] secureboot: Secure boot disabled
[    0.008979] RAMDISK: [mem 0x34ade000-0x3fffdfff]
[    0.008984] ACPI: Early table checksum verification disabled
[    0.008988] ACPI: RSDP 0x00000000DD8B6000 000024 (v02 SUPERM)
[    0.008991] ACPI: XSDT 0x00000000DD8B60A0 0000C4 (v01 SUPERM SMCI--MB 01072009 AMI  00010013)
[    0.008997] ACPI: FACP 0x00000000DD8C56E8 00010C (v05 SUPERM SMCI--MB 01072009 AMI  00010013)
[    0.009003] ACPI: DSDT 0x00000000DD8B6200 00F4E2 (v02 SUPERM SMCI--MB 00000000 INTL 20120711)
[    0.009006] ACPI: FACS 0x00000000DD8E3F80 000040
[    0.009009] ACPI: APIC 0x00000000DD8C57F8 000092 (v03 SUPERM SMCI--MB 01072009 AMI  00010013)
[    0.009012] ACPI: FPDT 0x00000000DD8C5890 000044 (v01 SUPERM SMCI--MB 01072009 AMI  00010013)
[    0.009015] ACPI: FIDT 0x00000000DD8C58D8 00009C (v01 SUPERM SMCI--MB 01072009 AMI  00010013)
[    0.009018] ACPI: SSDT 0x00000000DD8C5978 000C7D (v02 Ther_R Ther_Rvp 00001000 INTL 20120711)
[    0.009021] ACPI: SSDT 0x00000000DD8C65F8 000540 (v02 PmRef  Cpu0Ist  00003000 INTL 20051117)
[    0.009024] ACPI: SSDT 0x00000000DD8C6B38 000B74 (v02 CpuRef CpuSsdt  00003000 INTL 20051117)
[    0.009027] ACPI: SSDT 0x00000000DD8C76B0 0002F2 (v02 PmRef  Cpu0Tst  00003000 INTL 20051117)
[    0.009030] ACPI: SSDT 0x00000000DD8C79A8 000348 (v02 PmRef  ApTst    00003000 INTL 20051117)
[    0.009034] ACPI: MCFG 0x00000000DD8C7CF0 00003C (v01 SUPERM SMCI--MB 01072009 MSFT 00000097)
[    0.009036] ACPI: HPET 0x00000000DD8C7D30 000038 (v01 SUPERM SMCI--MB 01072009 AMI. 00000005)
[    0.009039] ACPI: SSDT 0x00000000DD8C7D68 000397 (v01 SataRe SataTabl 00001000 INTL 20120711)
[    0.009042] ACPI: SSDT 0x00000000DD8C8100 0057F6 (v02 SaSsdt SaSsdt   00003000 INTL 20120711)
[    0.009045] ACPI: SPMI 0x00000000DD8CD8F8 000040 (v05 A M I  OEMSPMI  00000000 AMI. 00000000)
[    0.009048] ACPI: DMAR 0x00000000DD8CD938 000080 (v01 INTEL  BDW      00000001 INTL 00000001)
[    0.009051] ACPI: EINJ 0x00000000DD8CD9B8 000130 (v01 AMI    AMI EINJ 00000000      00000000)
[    0.009054] ACPI: ERST 0x00000000DD8CDAE8 000230 (v01 AMIER  AMI ERST 00000000      00000000)
[    0.009057] ACPI: HEST 0x00000000DD8CDD18 0000A8 (v01 AMI    AMI HEST 00000000      00000000)
[    0.009060] ACPI: BERT 0x00000000DD8CDDC0 000030 (v01 AMI    AMI BERT 00000000      00000000)
[    0.009063] ACPI: BGRT 0x00000000DD8CDDF0 000038 (v00 SUPERM SMCI--MB 01072009 AMI  00010013)
[    0.009066] ACPI: Reserving FACP table memory at [mem 0xdd8c56e8-0xdd8c57f3]
[    0.009067] ACPI: Reserving DSDT table memory at [mem 0xdd8b6200-0xdd8c56e1]
[    0.009069] ACPI: Reserving FACS table memory at [mem 0xdd8e3f80-0xdd8e3fbf]
[    0.009070] ACPI: Reserving APIC table memory at [mem 0xdd8c57f8-0xdd8c5889]
[    0.009071] ACPI: Reserving FPDT table memory at [mem 0xdd8c5890-0xdd8c58d3]
[    0.009072] ACPI: Reserving FIDT table memory at [mem 0xdd8c58d8-0xdd8c5973]
[    0.009073] ACPI: Reserving SSDT table memory at [mem 0xdd8c5978-0xdd8c65f4]
[    0.009074] ACPI: Reserving SSDT table memory at [mem 0xdd8c65f8-0xdd8c6b37]
[    0.009075] ACPI: Reserving SSDT table memory at [mem 0xdd8c6b38-0xdd8c76ab]
[    0.009076] ACPI: Reserving SSDT table memory at [mem 0xdd8c76b0-0xdd8c79a1]
[    0.009077] ACPI: Reserving SSDT table memory at [mem 0xdd8c79a8-0xdd8c7cef]
[    0.009079] ACPI: Reserving MCFG table memory at [mem 0xdd8c7cf0-0xdd8c7d2b]
[    0.009080] ACPI: Reserving HPET table memory at [mem 0xdd8c7d30-0xdd8c7d67]
[    0.009081] ACPI: Reserving SSDT table memory at [mem 0xdd8c7d68-0xdd8c80fe]
[    0.009082] ACPI: Reserving SSDT table memory at [mem 0xdd8c8100-0xdd8cd8f5]
[    0.009083] ACPI: Reserving SPMI table memory at [mem 0xdd8cd8f8-0xdd8cd937]
[    0.009084] ACPI: Reserving DMAR table memory at [mem 0xdd8cd938-0xdd8cd9b7]
[    0.009085] ACPI: Reserving EINJ table memory at [mem 0xdd8cd9b8-0xdd8cdae7]
[    0.009086] ACPI: Reserving ERST table memory at [mem 0xdd8cdae8-0xdd8cdd17]
[    0.009088] ACPI: Reserving HEST table memory at [mem 0xdd8cdd18-0xdd8cddbf]
[    0.009089] ACPI: Reserving BERT table memory at [mem 0xdd8cddc0-0xdd8cddef]
[    0.009090] ACPI: Reserving BGRT table memory at [mem 0xdd8cddf0-0xdd8cde27]
[    0.009203] No NUMA configuration found
[    0.009204] Faking a node at [mem 0x0000000000000000-0x000000041fffffff]
[    0.009213] NODE_DATA(0) allocated [mem 0x41ffd6000-0x41fffffff]
[    0.009498] Zone ranges:
[    0.009499]   DMA      [mem 0x0000000000001000-0x0000000000ffffff]
[    0.009501]   DMA32    [mem 0x0000000001000000-0x00000000ffffffff]
[    0.009503]   Normal   [mem 0x0000000100000000-0x000000041fffffff]
[    0.009505]   Device   empty
[    0.009506] Movable zone start for each node
[    0.009509] Early memory node ranges
[    0.009509]   node   0: [mem 0x0000000000001000-0x0000000000057fff]
[    0.009511]   node   0: [mem 0x0000000000059000-0x000000000009efff]
[    0.009512]   node   0: [mem 0x0000000000100000-0x00000000cd4bffff]
[    0.009513]   node   0: [mem 0x00000000cd4c7000-0x00000000dd67afff]
[    0.009515]   node   0: [mem 0x00000000dd762000-0x00000000dd7adfff]
[    0.009516]   node   0: [mem 0x00000000df7ff000-0x00000000df7fffff]
[    0.009517]   node   0: [mem 0x0000000100000000-0x000000041fffffff]
[    0.009520] Initmem setup node 0 [mem 0x0000000000001000-0x000000041fffffff]
[    0.009524] On node 0, zone DMA: 1 pages in unavailable ranges
[    0.009526] On node 0, zone DMA: 1 pages in unavailable ranges
[    0.009558] On node 0, zone DMA: 97 pages in unavailable ranges
[    0.016479] On node 0, zone DMA32: 7 pages in unavailable ranges
[    0.016486] On node 0, zone DMA32: 231 pages in unavailable ranges
[    0.016562] On node 0, zone DMA32: 8273 pages in unavailable ranges
[    0.041641] On node 0, zone Normal: 2048 pages in unavailable ranges
[    0.041825] ACPI: PM-Timer IO Port: 0x1808
[    0.041834] ACPI: LAPIC_NMI (acpi_id[0xff] high edge lint[0x1])
[    0.041850] IOAPIC[0]: apic_id 8, version 32, address 0xfec00000, GSI 0-23
[    0.041853] ACPI: INT_SRC_OVR (bus 0 bus_irq 0 global_irq 2 dfl dfl)
[    0.041854] ACPI: INT_SRC_OVR (bus 0 bus_irq 9 global_irq 9 high level)
[    0.041858] ACPI: Using ACPI (MADT) for SMP configuration information
[    0.041859] ACPI: HPET id: 0x8086a701 base: 0xfed00000
[    0.041864] efi_bgrt: Ignoring BGRT: invalid image address
[    0.041866] TSC deadline timer available
[    0.041867] smpboot: Allowing 8 CPUs, 0 hotplug CPUs
[    0.041885] PM: hibernation: Registered nosave memory: [mem 0x00000000-0x00000fff]
[    0.041888] PM: hibernation: Registered nosave memory: [mem 0x00058000-0x00058fff]
[    0.041890] PM: hibernation: Registered nosave memory: [mem 0x0009f000-0x0009ffff]
[    0.041891] PM: hibernation: Registered nosave memory: [mem 0x000a0000-0x000fffff]
[    0.041892] PM: hibernation: Registered nosave memory: [mem 0xcd076000-0xcd076fff]
[    0.041894] PM: hibernation: Registered nosave memory: [mem 0xcd086000-0xcd086fff]
[    0.041895] PM: hibernation: Registered nosave memory: [mem 0xcd087000-0xcd087fff]
[    0.041897] PM: hibernation: Registered nosave memory: [mem 0xcd097000-0xcd097fff]
[    0.041899] PM: hibernation: Registered nosave memory: [mem 0xcd4c0000-0xcd4c6fff]
[    0.041901] PM: hibernation: Registered nosave memory: [mem 0xcddea000-0xcddeafff]
[    0.041902] PM: hibernation: Registered nosave memory: [mem 0xcddf2000-0xcddf2fff]
[    0.041904] PM: hibernation: Registered nosave memory: [mem 0xd1aaa000-0xd1aaafff]
[    0.041906] PM: hibernation: Registered nosave memory: [mem 0xdd67b000-0xdd761fff]
[    0.041908] PM: hibernation: Registered nosave memory: [mem 0xdd7ae000-0xdd8e3fff]
[    0.041909] PM: hibernation: Registered nosave memory: [mem 0xdd8e4000-0xdf7fefff]
[    0.041911] PM: hibernation: Registered nosave memory: [mem 0xdf800000-0xf7ffffff]
[    0.041912] PM: hibernation: Registered nosave memory: [mem 0xf8000000-0xfbffffff]
[    0.041913] PM: hibernation: Registered nosave memory: [mem 0xfc000000-0xfebfffff]
[    0.041913] PM: hibernation: Registered nosave memory: [mem 0xfec00000-0xfec00fff]
[    0.041914] PM: hibernation: Registered nosave memory: [mem 0xfec01000-0xfecfffff]
[    0.041915] PM: hibernation: Registered nosave memory: [mem 0xfed00000-0xfed03fff]
[    0.041916] PM: hibernation: Registered nosave memory: [mem 0xfed04000-0xfed1bfff]
[    0.041917] PM: hibernation: Registered nosave memory: [mem 0xfed1c000-0xfed1ffff]
[    0.041918] PM: hibernation: Registered nosave memory: [mem 0xfed20000-0xfedfffff]
[    0.041919] PM: hibernation: Registered nosave memory: [mem 0xfee00000-0xfee00fff]
[    0.041920] PM: hibernation: Registered nosave memory: [mem 0xfee01000-0xfeffffff]
[    0.041921] PM: hibernation: Registered nosave memory: [mem 0xff000000-0xffffffff]
[    0.041923] [mem 0xdf800000-0xf7ffffff] available for PCI devices
[    0.041924] Booting paravirtualized kernel on bare hardware
[    0.041926] clocksource: refined-jiffies: mask: 0xffffffff max_cycles: 0xffffffff, max_idle_ns: 7645519600211568 ns
[    0.041933] setup_percpu: NR_CPUS:8192 nr_cpumask_bits:8 nr_cpu_ids:8 nr_node_ids:1
[    0.042109] percpu: Embedded 60 pages/cpu s208896 r8192 d28672 u262144
[    0.042116] pcpu-alloc: s208896 r8192 d28672 u262144 alloc=1*2097152
[    0.042118] pcpu-alloc: [0] 0 1 2 3 4 5 6 7
[    0.042148] Built 1 zonelists, mobility grouping on.  Total pages: 4118117
[    0.042150] Policy zone: Normal
[    0.042151] Kernel command line: BOOT_IMAGE=/vmlinuz-5.15.0-53-generic root=/dev/mapper/ubuntu--vg-ubuntu--lv ro
[    0.042184] Unknown kernel command line parameters "BOOT_IMAGE=/vmlinuz-5.15.0-53-generic", will be passed to user space.
[    0.042863] Dentry cache hash table entries: 2097152 (order: 12, 16777216 bytes, linear)
[    0.043200] Inode-cache hash table entries: 1048576 (order: 11, 8388608 bytes, linear)
[    0.043273] mem auto-init: stack:off, heap alloc:on, heap free:off
[    0.088625] Memory: 15940416K/16734584K available (16393K kernel code, 4378K rwdata, 10812K rodata, 3232K init, 6568K bss, 793908K reserved, 0K cma-reserved)
[    0.089142] SLUB: HWalign=64, Order=0-3, MinObjects=0, CPUs=8, Nodes=1
[    0.089164] Kernel/User page tables isolation: enabled
[    0.089178] ftrace: allocating 50523 entries in 198 pages
[    0.109712] ftrace: allocated 198 pages with 4 groups
[    0.109844] rcu: Hierarchical RCU implementation.
[    0.109845] rcu:     RCU restricting CPUs from NR_CPUS=8192 to nr_cpu_ids=8.
[    0.109847]  Rude variant of Tasks RCU enabled.
[    0.109847]  Tracing variant of Tasks RCU enabled.
[    0.109848] rcu: RCU calculated value of scheduler-enlistment delay is 25 jiffies.
[    0.109849] rcu: Adjusting geometry for rcu_fanout_leaf=16, nr_cpu_ids=8
[    0.113547] NR_IRQS: 524544, nr_irqs: 488, preallocated irqs: 16
[    0.113772] random: crng init done
[    0.113793] Console: colour dummy device 80x25
[    0.114055] printk: console [tty0] enabled
[    0.114072] ACPI: Core revision 20210730
[    0.114190] clocksource: hpet: mask: 0xffffffff max_cycles: 0xffffffff, max_idle_ns: 133484882848 ns
[    0.114209] APIC: Switch to symmetric I/O mode setup
[    0.114212] DMAR: Host address width 39
[    0.114214] DMAR: DRHD base: 0x000000fed90000 flags: 0x1
[    0.114218] DMAR: dmar0: reg_base_addr fed90000 ver 1:0 cap d2008c20660462 ecap f010da
[    0.114222] DMAR: RMRR base: 0x000000df64c000 end: 0x000000df65afff
[    0.114225] DMAR-IR: IOAPIC id 8 under DRHD base  0xfed90000 IOMMU 0
[    0.114227] DMAR-IR: HPET id 0 under DRHD base 0xfed90000
[    0.114229] DMAR-IR: x2apic is disabled because BIOS sets x2apic opt out bit.
[    0.114230] DMAR-IR: Use 'intremap=no_x2apic_optout' to override the BIOS setting.
[    0.114505] DMAR-IR: Enabled IRQ remapping in xapic mode
[    0.114507] x2apic: IRQ remapping doesn't support X2APIC mode
[    0.114924] ..TIMER: vector=0x30 apic1=0 pin1=2 apic2=-1 pin2=-1
[    0.134214] clocksource: tsc-early: mask: 0xffffffffffffffff max_cycles: 0x3102468afc6, max_idle_ns: 440795325102 ns
[    0.134221] Calibrating delay loop (skipped), value calculated using timer frequency.. 6799.98 BogoMIPS (lpj=13599964)
[    0.134225] pid_max: default: 32768 minimum: 301
[    0.138813] LSM: Security Framework initializing
[    0.138824] landlock: Up and running.
[    0.138825] Yama: becoming mindful.
[    0.138846] AppArmor: AppArmor initialized
[    0.138895] Mount-cache hash table entries: 32768 (order: 6, 262144 bytes, linear)
[    0.138924] Mountpoint-cache hash table entries: 32768 (order: 6, 262144 bytes, linear)
[    0.139132] CPU0: Thermal monitoring enabled (TM1)
[    0.139164] process: using mwait in idle threads
[    0.139167] Last level iTLB entries: 4KB 1024, 2MB 1024, 4MB 1024
[    0.139170] Last level dTLB entries: 4KB 1024, 2MB 1024, 4MB 1024, 1GB 4
[    0.139174] Spectre V1 : Mitigation: usercopy/swapgs barriers and __user pointer sanitization
[    0.139177] Spectre V2 : Mitigation: Retpolines
[    0.139179] Spectre V2 : Spectre v2 / SpectreRSB mitigation: Filling RSB on context switch
[    0.139181] Spectre V2 : Spectre v2 / SpectreRSB : Filling RSB on VMEXIT
[    0.139182] Spectre V2 : Enabling Restricted Speculation for firmware calls
[    0.139185] Spectre V2 : mitigation: Enabling conditional Indirect Branch Prediction Barrier
[    0.139187] Spectre V2 : User space: Mitigation: STIBP via seccomp and prctl
[    0.139189] Speculative Store Bypass: Mitigation: Speculative Store Bypass disabled via prctl and seccomp
[    0.139193] MDS: Mitigation: Clear CPU buffers
[    0.139195] MMIO Stale Data: Unknown: No mitigations
[    0.139197] SRBDS: Mitigation: Microcode
[    0.155422] Freeing SMP alternatives memory: 40K
[    0.155847] smpboot: Estimated ratio of average max frequency by base frequency (times 1024): 1084
[    0.155860] smpboot: CPU0: Intel(R) Xeon(R) CPU E3-1231 v3 @ 3.40GHz (family: 0x6, model: 0x3c, stepping: 0x3)
[    0.155968] Performance Events: PEBS fmt2+, Haswell events, 16-deep LBR, full-width counters, Intel PMU driver.
[    0.155995] ... version:                3
[    0.155997] ... bit width:              48
[    0.155998] ... generic registers:      4
[    0.155999] ... value mask:             0000ffffffffffff
[    0.156001] ... max period:             00007fffffffffff
[    0.156002] ... fixed-purpose events:   3
[    0.156004] ... event mask:             000000070000000f
[    0.156089] rcu: Hierarchical SRCU implementation.
[    0.156792] NMI watchdog: Enabled. Permanently consumes one hw-PMU counter.
[    0.156849] smp: Bringing up secondary CPUs ...
[    0.156921] x86: Booting SMP configuration:
[    0.156923] .... node  #0, CPUs:      #1 #2 #3 #4
[    0.159834] MDS CPU bug present and SMT on, data leak possible. See https://www.kernel.org/doc/html/latest/admin-guide/hw-vuln/mds.html for more details.
[    0.159834]  #5 #6 #7
[    0.162661] smp: Brought up 1 node, 8 CPUs
[    0.162661] smpboot: Max logical packages: 1
[    0.162661] smpboot: Total of 8 processors activated (54399.85 BogoMIPS)
[    0.166712] devtmpfs: initialized
[    0.166712] x86/mm: Memory block size: 128MB
[    0.167067] ACPI: PM: Registering ACPI NVS region [mem 0xcd4c0000-0xcd4c6fff] (28672 bytes)
[    0.167067] ACPI: PM: Registering ACPI NVS region [mem 0xdd7ae000-0xdd8e3fff] (1269760 bytes)
[    0.167067] clocksource: jiffies: mask: 0xffffffff max_cycles: 0xffffffff, max_idle_ns: 7645041785100000 ns
[    0.167067] futex hash table entries: 2048 (order: 5, 131072 bytes, linear)
[    0.167067] pinctrl core: initialized pinctrl subsystem
[    0.167067] PM: RTC time: 18:57:49, date: 2022-11-29
[    0.167067] NET: Registered PF_NETLINK/PF_ROUTE protocol family
[    0.167067] DMA: preallocated 2048 KiB GFP_KERNEL pool for atomic allocations
[    0.167067] DMA: preallocated 2048 KiB GFP_KERNEL|GFP_DMA pool for atomic allocations
[    0.167067] DMA: preallocated 2048 KiB GFP_KERNEL|GFP_DMA32 pool for atomic allocations
[    0.167067] audit: initializing netlink subsys (disabled)
[    0.167067] audit: type=2000 audit(1669748269.052:1): state=initialized audit_enabled=0 res=1
[    0.167067] thermal_sys: Registered thermal governor 'fair_share'
[    0.167067] thermal_sys: Registered thermal governor 'bang_bang'
[    0.167067] thermal_sys: Registered thermal governor 'step_wise'
[    0.167067] thermal_sys: Registered thermal governor 'user_space'
[    0.167067] thermal_sys: Registered thermal governor 'power_allocator'
[    0.167067] EISA bus registered
[    0.167067] cpuidle: using governor ladder
[    0.167067] cpuidle: using governor menu
[    0.167067] ACPI FADT declares the system doesn't support PCIe ASPM, so disable it
[    0.167067] ACPI: bus type PCI registered
[    0.167067] acpiphp: ACPI Hot Plug PCI Controller Driver version: 0.5
[    0.167067] PCI: MMCONFIG for domain 0000 [bus 00-3f] at [mem 0xf8000000-0xfbffffff] (base 0xf8000000)
[    0.167067] PCI: MMCONFIG at [mem 0xf8000000-0xfbffffff] reserved in E820
[    0.167067] PCI: Using configuration type 1 for base access
[    0.167067] core: PMU erratum BJ122, BV98, HSD29 worked around, HT is on
[    0.167067] ENERGY_PERF_BIAS: Set to 'normal', was 'performance'
[    0.167211] Kprobes globally optimized
[    0.167216] HugeTLB registered 1.00 GiB page size, pre-allocated 0 pages
[    0.167216] HugeTLB registered 2.00 MiB page size, pre-allocated 0 pages
[    0.170267] fbcon: Taking over console
[    0.170297] ACPI: Added _OSI(Module Device)
[    0.170299] ACPI: Added _OSI(Processor Device)
[    0.170300] ACPI: Added _OSI(3.0 _SCP Extensions)
[    0.170302] ACPI: Added _OSI(Processor Aggregator Device)
[    0.170303] ACPI: Added _OSI(Linux-Dell-Video)
[    0.170305] ACPI: Added _OSI(Linux-Lenovo-NV-HDMI-Audio)
[    0.170306] ACPI: Added _OSI(Linux-HPI-Hybrid-Graphics)
[    0.184593] ACPI: 8 ACPI AML tables successfully acquired and loaded
[    0.187793] ACPI: Dynamic OEM Table Load:
[    0.187801] ACPI: SSDT 0xFFFF8D61010C4800 0003D3 (v02 PmRef  Cpu0Cst  00003001 INTL 20051117)
[    0.188675] ACPI: Dynamic OEM Table Load:
[    0.188681] ACPI: SSDT 0xFFFF8D61010D2000 0005AA (v02 PmRef  ApIst    00003000 INTL 20051117)
[    0.189614] ACPI: Dynamic OEM Table Load:
[    0.189619] ACPI: SSDT 0xFFFF8D61002B4E00 000119 (v02 PmRef  ApCst    00003000 INTL 20051117)
[    0.191958] ACPI: Interpreter enabled
[    0.191986] ACPI: PM: (supports S0 S4 S5)
[    0.191988] ACPI: Using IOAPIC for interrupt routing
[    0.192043] HEST: Table parsing has been initialized.
[    0.192166] GHES: APEI firmware first mode is enabled by APEI bit and WHEA _OSC.
[    0.192171] PCI: Using host bridge windows from ACPI; if necessary, use "pci=nocrs" and report a bug
[    0.192173] PCI: Using E820 reservations for host bridge windows
[    0.192416] ACPI: Enabled 9 GPEs in block 00 to 3F
[    0.193126] ACPI: PM: Power Resource [PG00]
[    0.193437] ACPI: PM: Power Resource [PG01]
[    0.193745] ACPI: PM: Power Resource [PG02]
[    0.200693] ACPI: PM: Power Resource [FN00]
[    0.200755] ACPI: PM: Power Resource [FN01]
[    0.200812] ACPI: PM: Power Resource [FN02]
[    0.200873] ACPI: PM: Power Resource [FN03]
[    0.200930] ACPI: PM: Power Resource [FN04]
[    0.201744] ACPI: PCI Root Bridge [PCI0] (domain 0000 [bus 00-3e])
[    0.201752] acpi PNP0A08:00: _OSC: OS supports [ExtendedConfig ASPM ClockPM Segments MSI EDR HPX-Type3]
[    0.202044] acpi PNP0A08:00: _OSC: platform does not support [PCIeHotplug SHPCHotplug PME]
[    0.202217] acpi PNP0A08:00: _OSC: OS now controls [AER PCIeCapability LTR DPC]
[    0.202220] acpi PNP0A08:00: FADT indicates ASPM is unsupported, using BIOS configuration
[    0.202750] PCI host bridge to bus 0000:00
[    0.202754] pci_bus 0000:00: root bus resource [bus 00-3e]
[    0.202756] pci_bus 0000:00: root bus resource [io  0x0000-0x0cf7 window]
[    0.202758] pci_bus 0000:00: root bus resource [io  0x0d00-0xffff window]
[    0.202760] pci_bus 0000:00: root bus resource [mem 0x000a0000-0x000bffff window]
[    0.202763] pci_bus 0000:00: root bus resource [mem 0x000cc000-0x000dffff window]
[    0.202765] pci_bus 0000:00: root bus resource [mem 0xe0000000-0xfeafffff window]
[    0.202767] pci_bus 0000:00: root bus resource [mem 0x800000000-0xfbfffffff window]
[    0.202810] pci 0000:00:00.0: [8086:0c08] type 00 class 0x060000
[    0.202940] pci 0000:00:01.0: [8086:0c01] type 01 class 0x060400
[    0.202973] pci 0000:00:01.0: PME# supported from D0 D3hot D3cold
[    0.203327] pci 0000:00:14.0: [8086:8c31] type 00 class 0x0c0330
[    0.203344] pci 0000:00:14.0: reg 0x10: [mem 0xf7220000-0xf722ffff 64bit]
[    0.203404] pci 0000:00:14.0: PME# supported from D3hot D3cold
[    0.203531] pci 0000:00:19.0: [8086:1502] type 00 class 0x020000
[    0.203546] pci 0000:00:19.0: reg 0x10: [mem 0xf7200000-0xf721ffff]
[    0.203554] pci 0000:00:19.0: reg 0x14: [mem 0xf7234000-0xf7234fff]
[    0.203562] pci 0000:00:19.0: reg 0x18: [io  0xf020-0xf03f]
[    0.203618] pci 0000:00:19.0: PME# supported from D0 D3hot D3cold
[    0.203740] pci 0000:00:1a.0: [8086:8c2d] type 00 class 0x0c0320
[    0.203757] pci 0000:00:1a.0: reg 0x10: [mem 0xf7233000-0xf72333ff]
[    0.203834] pci 0000:00:1a.0: PME# supported from D0 D3hot D3cold
[    0.203958] pci 0000:00:1c.0: [8086:8c10] type 01 class 0x060400
[    0.204032] pci 0000:00:1c.0: PME# supported from D0 D3hot D3cold
[    0.204466] pci 0000:00:1c.1: [8086:8c12] type 01 class 0x060400
[    0.204541] pci 0000:00:1c.1: PME# supported from D0 D3hot D3cold
[    0.204977] pci 0000:00:1d.0: [8086:8c26] type 00 class 0x0c0320
[    0.204995] pci 0000:00:1d.0: reg 0x10: [mem 0xf7232000-0xf72323ff]
[    0.205072] pci 0000:00:1d.0: PME# supported from D0 D3hot D3cold
[    0.205201] pci 0000:00:1f.0: [8086:8c52] type 00 class 0x060100
[    0.205414] pci 0000:00:1f.2: [8086:8c02] type 00 class 0x010601
[    0.205426] pci 0000:00:1f.2: reg 0x10: [io  0xf070-0xf077]
[    0.205434] pci 0000:00:1f.2: reg 0x14: [io  0xf060-0xf063]
[    0.205441] pci 0000:00:1f.2: reg 0x18: [io  0xf050-0xf057]
[    0.205448] pci 0000:00:1f.2: reg 0x1c: [io  0xf040-0xf043]
[    0.205455] pci 0000:00:1f.2: reg 0x20: [io  0xf000-0xf01f]
[    0.205463] pci 0000:00:1f.2: reg 0x24: [mem 0xf7231000-0xf72317ff]
[    0.205496] pci 0000:00:1f.2: PME# supported from D3hot
[    0.205609] pci 0000:00:1f.3: [8086:8c22] type 00 class 0x0c0500
[    0.205625] pci 0000:00:1f.3: reg 0x10: [mem 0xf7230000-0xf72300ff 64bit]
[    0.205643] pci 0000:00:1f.3: reg 0x20: [io  0x0580-0x059f]
[    0.205751] pci 0000:00:1f.6: [8086:8c24] type 00 class 0x118000
[    0.205767] pci 0000:00:1f.6: reg 0x10: [mem 0xfbff00000-0xfbff00fff 64bit]
[    0.205904] pci 0000:01:00.0: [10de:17fd] type 00 class 0x030200
[    0.205913] pci 0000:01:00.0: reg 0x10: [mem 0x00000000-0x00ffffff]
[    0.205919] pci 0000:01:00.0: reg 0x14: [mem 0x00000000-0x7ffffffff 64bit pref]
[    0.205926] pci 0000:01:00.0: reg 0x1c: [mem 0x00000000-0x01ffffff 64bit pref]
[    0.205944] pci 0000:01:00.0: Enabling HDA controller
[    0.205947] pci 0000:01:00.0: BAR 1: assigned to efifb but device is disabled!
[    0.205992] pci 0000:01:00.0: 63.008 Gb/s available PCIe bandwidth, limited by 8.0 GT/s PCIe x8 link at 0000:00:01.0 (capable of 126.016 Gb/s with 8.0 GT/s PCIe x16 link)
[    0.206038] pci 0000:00:01.0: PCI bridge to [bus 01]
[    0.206142] pci 0000:02:00.0: [1a03:1150] type 01 class 0x060400
[    0.206211] pci 0000:02:00.0: enabling Extended Tags
[    0.206287] pci 0000:02:00.0: supports D1 D2
[    0.206289] pci 0000:02:00.0: PME# supported from D0 D1 D2 D3hot D3cold
[    0.206496] pci 0000:00:1c.0: PCI bridge to [bus 02-03]
[    0.206506] pci 0000:00:1c.0:   bridge window [io  0xe000-0xefff]
[    0.206510] pci 0000:00:1c.0:   bridge window [mem 0xf6000000-0xf70fffff]
[    0.206558] pci_bus 0000:03: extended config space not accessible
[    0.206587] pci 0000:03:00.0: [1a03:2000] type 00 class 0x030000
[    0.206613] pci 0000:03:00.0: reg 0x10: [mem 0xf6000000-0xf6ffffff]
[    0.206627] pci 0000:03:00.0: reg 0x14: [mem 0xf7000000-0xf701ffff]
[    0.206641] pci 0000:03:00.0: reg 0x18: [io  0xe000-0xe07f]
[    0.206713] pci 0000:03:00.0: Video device with shadowed ROM at [mem 0x000c0000-0x000dffff]
[    0.206757] pci 0000:03:00.0: supports D1 D2
[    0.206759] pci 0000:03:00.0: PME# supported from D0 D1 D2 D3hot D3cold
[    0.206856] pci 0000:02:00.0: PCI bridge to [bus 03]
[    0.206865] pci 0000:02:00.0:   bridge window [io  0xe000-0xefff]
[    0.206870] pci 0000:02:00.0:   bridge window [mem 0xf6000000-0xf70fffff]
[    0.207003] pci 0000:04:00.0: [8086:1533] type 00 class 0x020000
[    0.207037] pci 0000:04:00.0: reg 0x10: [mem 0xf7100000-0xf717ffff]
[    0.207070] pci 0000:04:00.0: reg 0x18: [io  0xd000-0xd01f]
[    0.207087] pci 0000:04:00.0: reg 0x1c: [mem 0xf7180000-0xf7183fff]
[    0.207276] pci 0000:04:00.0: PME# supported from D0 D3hot D3cold
[    0.207559] pci 0000:00:1c.1: PCI bridge to [bus 04]
[    0.207564] pci 0000:00:1c.1:   bridge window [io  0xd000-0xdfff]
[    0.207568] pci 0000:00:1c.1:   bridge window [mem 0xf7100000-0xf71fffff]
[    0.208475] ACPI: PCI: Interrupt link LNKA configured for IRQ 11
[    0.208547] ACPI: PCI: Interrupt link LNKB configured for IRQ 11
[    0.208618] ACPI: PCI: Interrupt link LNKC configured for IRQ 5
[    0.208683] ACPI: PCI: Interrupt link LNKD configured for IRQ 10
[    0.208752] ACPI: PCI: Interrupt link LNKE configured for IRQ 5
[    0.208822] ACPI: PCI: Interrupt link LNKF configured for IRQ 0
[    0.208823] ACPI: PCI: Interrupt link LNKF disabled
[    0.208892] ACPI: PCI: Interrupt link LNKG configured for IRQ 10
[    0.208961] ACPI: PCI: Interrupt link LNKH configured for IRQ 0
[    0.208963] ACPI: PCI: Interrupt link LNKH disabled
[    0.209306] iommu: Default domain type: Translated
[    0.209306] iommu: DMA domain TLB invalidation policy: lazy mode
[    0.209306] SCSI subsystem initialized
[    0.209306] libata version 3.00 loaded.
[    0.209306] pci 0000:03:00.0: vgaarb: setting as boot VGA device
[    0.209306] pci 0000:03:00.0: vgaarb: VGA device added: decodes=io+mem,owns=io+mem,locks=none
[    0.209306] pci 0000:03:00.0: vgaarb: bridge control possible
[    0.209306] vgaarb: loaded
[    0.209306] ACPI: bus type USB registered
[    0.209306] usbcore: registered new interface driver usbfs
[    0.209306] usbcore: registered new interface driver hub
[    0.209306] usbcore: registered new device driver usb
[    0.209306] pps_core: LinuxPPS API ver. 1 registered
[    0.209306] pps_core: Software ver. 5.3.6 - Copyright 2005-2007 Rodolfo Giometti <giometti@linux.it>
[    0.209306] PTP clock support registered
[    0.209306] EDAC MC: Ver: 3.0.0
[    0.209306] Registered efivars operations
[    0.209306] NetLabel: Initializing
[    0.209306] NetLabel:  domain hash size = 128
[    0.209306] NetLabel:  protocols = UNLABELED CIPSOv4 CALIPSO
[    0.209306] NetLabel:  unlabeled traffic allowed by default
[    0.209306] PCI: Using ACPI for IRQ routing
[    0.211120] PCI: pci_cache_line_size set to 64 bytes
[    0.211174] e820: reserve RAM buffer [mem 0x00058000-0x0005ffff]
[    0.211175] e820: reserve RAM buffer [mem 0x0009f000-0x0009ffff]
[    0.211176] e820: reserve RAM buffer [mem 0xcd076018-0xcfffffff]
[    0.211178] e820: reserve RAM buffer [mem 0xcd087018-0xcfffffff]
[    0.211179] e820: reserve RAM buffer [mem 0xcd4c0000-0xcfffffff]
[    0.211180] e820: reserve RAM buffer [mem 0xcddea018-0xcfffffff]
[    0.211180] e820: reserve RAM buffer [mem 0xd1aaa000-0xd3ffffff]
[    0.211181] e820: reserve RAM buffer [mem 0xdd67b000-0xdfffffff]
[    0.211182] e820: reserve RAM buffer [mem 0xdd7ae000-0xdfffffff]
[    0.211183] e820: reserve RAM buffer [mem 0xdf800000-0xdfffffff]
[    0.211186] hpet0: at MMIO 0xfed00000, IRQs 2, 8, 0, 0, 0, 0, 0, 0
[    0.211186] hpet0: 8 comparators, 64-bit 14.318180 MHz counter
[    0.212964] clocksource: Switched to clocksource tsc-early
[    0.218025] VFS: Disk quotas dquot_6.6.0
[    0.218041] VFS: Dquot-cache hash table entries: 512 (order 0, 4096 bytes)
[    0.218132] AppArmor: AppArmor Filesystem Enabled
[    0.218164] pnp: PnP ACPI init
[    0.218306] pnp 00:00: disabling [mem 0xfed40000-0xfed44fff] because it overlaps 0000:01:00.0 BAR 1 [mem 0x00000000-0x7ffffffff 64bit pref]
[    0.218437] system 00:01: [io  0x0800-0x087f] has been reserved
[    0.218489] system 00:03: [io  0x1854-0x1857] has been reserved
[    0.218575] system 00:04: [io  0x0a00-0x0a1f] has been reserved
[    0.218814] pnp 00:05: [dma 0 disabled]
[    0.219066] pnp 00:06: [dma 0 disabled]
[    0.219137] system 00:07: [io  0x04d0-0x04d1] has been reserved
[    0.219467] pnp 00:08: disabling [mem 0xfed1c000-0xfed1ffff] because it overlaps 0000:01:00.0 BAR 1 [mem 0x00000000-0x7ffffffff 64bit pref]
[    0.219471] pnp 00:08: disabling [mem 0xfed10000-0xfed17fff] because it overlaps 0000:01:00.0 BAR 1 [mem 0x00000000-0x7ffffffff 64bit pref]
[    0.219474] pnp 00:08: disabling [mem 0xfed18000-0xfed18fff] because it overlaps 0000:01:00.0 BAR 1 [mem 0x00000000-0x7ffffffff 64bit pref]
[    0.219477] pnp 00:08: disabling [mem 0xfed19000-0xfed19fff] because it overlaps 0000:01:00.0 BAR 1 [mem 0x00000000-0x7ffffffff 64bit pref]
[    0.219480] pnp 00:08: disabling [mem 0xf8000000-0xfbffffff] because it overlaps 0000:01:00.0 BAR 1 [mem 0x00000000-0x7ffffffff 64bit pref]
[    0.219483] pnp 00:08: disabling [mem 0xfed20000-0xfed3ffff] because it overlaps 0000:01:00.0 BAR 1 [mem 0x00000000-0x7ffffffff 64bit pref]
[    0.219486] pnp 00:08: disabling [mem 0xfed90000-0xfed93fff] because it overlaps 0000:01:00.0 BAR 1 [mem 0x00000000-0x7ffffffff 64bit pref]
[    0.219489] pnp 00:08: disabling [mem 0xfed45000-0xfed8ffff] because it overlaps 0000:01:00.0 BAR 1 [mem 0x00000000-0x7ffffffff 64bit pref]
[    0.219492] pnp 00:08: disabling [mem 0xff000000-0xffffffff] because it overlaps 0000:01:00.0 BAR 1 [mem 0x00000000-0x7ffffffff 64bit pref]
[    0.219495] pnp 00:08: disabling [mem 0xfee00000-0xfeefffff] because it overlaps 0000:01:00.0 BAR 1 [mem 0x00000000-0x7ffffffff 64bit pref]
[    0.219497] pnp 00:08: disabling [mem 0xf7fe0000-0xf7feffff] because it overlaps 0000:01:00.0 BAR 1 [mem 0x00000000-0x7ffffffff 64bit pref]
[    0.219500] pnp 00:08: disabling [mem 0xf7ff0000-0xf7ffffff] because it overlaps 0000:01:00.0 BAR 1 [mem 0x00000000-0x7ffffffff 64bit pref]
[    0.219756] pnp: PnP ACPI: found 9 devices
[    0.225140] clocksource: acpi_pm: mask: 0xffffff max_cycles: 0xffffff, max_idle_ns: 2085701024 ns
[    0.225183] NET: Registered PF_INET protocol family
[    0.225299] IP idents hash table entries: 262144 (order: 9, 2097152 bytes, linear)
[    0.226951] tcp_listen_portaddr_hash hash table entries: 8192 (order: 5, 131072 bytes, linear)
[    0.226979] Table-perturb hash table entries: 65536 (order: 6, 262144 bytes, linear)
[    0.227034] TCP established hash table entries: 131072 (order: 8, 1048576 bytes, linear)
[    0.227168] TCP bind hash table entries: 65536 (order: 8, 1048576 bytes, linear)
[    0.227223] TCP: Hash tables configured (established 131072 bind 65536)
[    0.227283] MPTCP token hash table entries: 16384 (order: 6, 393216 bytes, linear)
[    0.227343] UDP hash table entries: 8192 (order: 6, 262144 bytes, linear)
[    0.227377] UDP-Lite hash table entries: 8192 (order: 6, 262144 bytes, linear)
[    0.227423] NET: Registered PF_UNIX/PF_LOCAL protocol family
[    0.227429] NET: Registered PF_XDP protocol family
[    0.227444] pci 0000:00:01.0: BAR 15: no space for [mem size 0xc00000000 64bit pref]
[    0.227447] pci 0000:00:01.0: BAR 15: failed to assign [mem size 0xc00000000 64bit pref]
[    0.227451] pci 0000:00:01.0: BAR 14: assigned [mem 0xe0000000-0xe0ffffff]
[    0.227454] pci 0000:01:00.0: BAR 1: no space for [mem size 0x800000000 64bit pref]
[    0.227457] pci 0000:01:00.0: BAR 1: failed to assign [mem size 0x800000000 64bit pref]
[    0.227460] pci 0000:01:00.0: BAR 3: no space for [mem size 0x02000000 64bit pref]
[    0.227462] pci 0000:01:00.0: BAR 3: failed to assign [mem size 0x02000000 64bit pref]
[    0.227464] pci 0000:01:00.0: BAR 0: assigned [mem 0xe0000000-0xe0ffffff]
[    0.227468] pci 0000:00:01.0: PCI bridge to [bus 01]
[    0.227471] pci 0000:00:01.0:   bridge window [mem 0xe0000000-0xe0ffffff]
[    0.227477] pci 0000:02:00.0: PCI bridge to [bus 03]
[    0.227485] pci 0000:02:00.0:   bridge window [io  0xe000-0xefff]
[    0.227492] pci 0000:02:00.0:   bridge window [mem 0xf6000000-0xf70fffff]
[    0.227504] pci 0000:00:1c.0: PCI bridge to [bus 02-03]
[    0.227507] pci 0000:00:1c.0:   bridge window [io  0xe000-0xefff]
[    0.227512] pci 0000:00:1c.0:   bridge window [mem 0xf6000000-0xf70fffff]
[    0.227519] pci 0000:00:1c.1: PCI bridge to [bus 04]
[    0.227522] pci 0000:00:1c.1:   bridge window [io  0xd000-0xdfff]
[    0.227527] pci 0000:00:1c.1:   bridge window [mem 0xf7100000-0xf71fffff]
[    0.227535] pci_bus 0000:00: Some PCI device resources are unassigned, try booting with pci=realloc
[    0.227537] pci_bus 0000:00: resource 4 [io  0x0000-0x0cf7 window]
[    0.227539] pci_bus 0000:00: resource 5 [io  0x0d00-0xffff window]
[    0.227541] pci_bus 0000:00: resource 6 [mem 0x000a0000-0x000bffff window]
[    0.227543] pci_bus 0000:00: resource 7 [mem 0x000cc000-0x000dffff window]
[    0.227545] pci_bus 0000:00: resource 8 [mem 0xe0000000-0xfeafffff window]
[    0.227547] pci_bus 0000:00: resource 9 [mem 0x800000000-0xfbfffffff window]
[    0.227549] pci_bus 0000:01: resource 1 [mem 0xe0000000-0xe0ffffff]
[    0.227551] pci_bus 0000:02: resource 0 [io  0xe000-0xefff]
[    0.227553] pci_bus 0000:02: resource 1 [mem 0xf6000000-0xf70fffff]
[    0.227555] pci_bus 0000:03: resource 0 [io  0xe000-0xefff]
[    0.227557] pci_bus 0000:03: resource 1 [mem 0xf6000000-0xf70fffff]
[    0.227559] pci_bus 0000:04: resource 0 [io  0xd000-0xdfff]
[    0.227561] pci_bus 0000:04: resource 1 [mem 0xf7100000-0xf71fffff]
[    0.228114] PCI: CLS 64 bytes, default 64
[    0.228136] PCI-DMA: Using software bounce buffering for IO (SWIOTLB)
[    0.228138] software IO TLB: mapped [mem 0x00000000c9076000-0x00000000cd076000] (64MB)
[    0.228161] Trying to unpack rootfs image as initramfs...
[    0.238793] Initialise system trusted keyrings
[    0.238805] Key type blacklist registered
[    0.238838] workingset: timestamp_bits=36 max_order=22 bucket_order=0
[    0.239756] zbud: loaded
[    0.239948] squashfs: version 4.0 (2009/01/31) Phillip Lougher
[    0.240050] fuse: init (API version 7.34)
[    0.240166] integrity: Platform Keyring initialized
[    0.248751] Key type asymmetric registered
[    0.248755] Asymmetric key parser 'x509' registered
[    0.248774] Block layer SCSI generic (bsg) driver version 0.4 loaded (major 243)
[    0.248809] io scheduler mq-deadline registered
[    0.249522] shpchp: Standard Hot Plug PCI Controller Driver version: 0.4
[    0.250089] input: Sleep Button as /devices/LNXSYSTM:00/LNXSYBUS:00/PNP0C0E:00/input/input0
[    0.250109] ACPI: button: Sleep Button [SLPB]
[    0.250131] input: Power Button as /devices/LNXSYSTM:00/LNXSYBUS:00/PNP0C0C:00/input/input1
[    0.250144] ACPI: button: Power Button [PWRB]
[    0.250166] input: Power Button as /devices/LNXSYSTM:00/LNXPWRBN:00/input/input2
[    0.250191] ACPI: button: Power Button [PWRF]
[    0.252989] thermal LNXTHERM:00: registered as thermal_zone0
[    0.252994] ACPI: thermal: Thermal Zone [TZ00] (28 C)
[    0.253232] thermal LNXTHERM:01: registered as thermal_zone1
[    0.253235] ACPI: thermal: Thermal Zone [TZ01] (30 C)
[    0.253288] ERST: Error Record Serialization Table (ERST) support is initialized.
[    0.253293] pstore: Registered erst as persistent store backend
[    0.253398] Serial: 8250/16550 driver, 32 ports, IRQ sharing enabled
[    0.274118] 00:05: ttyS0 at I/O 0x3f8 (irq = 4, base_baud = 115200) is a 16550A
[    0.295274] 00:06: ttyS1 at I/O 0x2f8 (irq = 3, base_baud = 115200) is a 16550A
[    0.296894] Linux agpgart interface v0.103
[    0.298384] loop: module loaded
[    0.298579] tun: Universal TUN/TAP device driver, 1.6
[    0.298603] PPP generic driver version 2.4.2
[    0.298641] VFIO - User Level meta-driver version: 0.3
[    0.298722] ehci_hcd: USB 2.0 'Enhanced' Host Controller (EHCI) Driver
[    0.298725] ehci-pci: EHCI PCI platform driver
[    0.298841] ehci-pci 0000:00:1a.0: EHCI Host Controller
[    0.298848] ehci-pci 0000:00:1a.0: new USB bus registered, assigned bus number 1
[    0.298864] ehci-pci 0000:00:1a.0: debug port 2
[    0.302801] ehci-pci 0000:00:1a.0: irq 16, io mem 0xf7233000
[    0.318256] ehci-pci 0000:00:1a.0: USB 2.0 started, EHCI 1.00
[    0.318317] usb usb1: New USB device found, idVendor=1d6b, idProduct=0002, bcdDevice= 5.15
[    0.318321] usb usb1: New USB device strings: Mfr=3, Product=2, SerialNumber=1
[    0.318324] usb usb1: Product: EHCI Host Controller
[    0.318326] usb usb1: Manufacturer: Linux 5.15.0-53-generic ehci_hcd
[    0.318328] usb usb1: SerialNumber: 0000:00:1a.0
[    0.318444] hub 1-0:1.0: USB hub found
[    0.318451] hub 1-0:1.0: 2 ports detected
[    0.318732] ehci-pci 0000:00:1d.0: EHCI Host Controller
[    0.318738] ehci-pci 0000:00:1d.0: new USB bus registered, assigned bus number 2
[    0.318755] ehci-pci 0000:00:1d.0: debug port 2
[    0.322668] ehci-pci 0000:00:1d.0: irq 22, io mem 0xf7232000
[    0.338255] ehci-pci 0000:00:1d.0: USB 2.0 started, EHCI 1.00
[    0.338306] usb usb2: New USB device found, idVendor=1d6b, idProduct=0002, bcdDevice= 5.15
[    0.338311] usb usb2: New USB device strings: Mfr=3, Product=2, SerialNumber=1
[    0.338314] usb usb2: Product: EHCI Host Controller
[    0.338316] usb usb2: Manufacturer: Linux 5.15.0-53-generic ehci_hcd
[    0.338318] usb usb2: SerialNumber: 0000:00:1d.0
[    0.338429] hub 2-0:1.0: USB hub found
[    0.338435] hub 2-0:1.0: 2 ports detected
[    0.338596] ehci-platform: EHCI generic platform driver
[    0.338612] ohci_hcd: USB 1.1 'Open' Host Controller (OHCI) Driver
[    0.338616] ohci-pci: OHCI PCI platform driver
[    0.338628] ohci-platform: OHCI generic platform driver
[    0.338636] uhci_hcd: USB Universal Host Controller Interface driver
[    0.338679] i8042: PNP: No PS/2 controller found.
[    0.338731] mousedev: PS/2 mouse device common for all mice
[    0.338845] rtc_cmos 00:02: RTC can wake from S4
[    0.339047] rtc_cmos 00:02: registered as rtc0
[    0.339085] rtc_cmos 00:02: setting system clock to 2022-11-29T18:57:49 UTC (1669748269)
[    0.339098] rtc_cmos 00:02: alarms up to one month, y3k, 242 bytes nvram, hpet irqs
[    0.339107] i2c_dev: i2c /dev entries driver
[    0.339287] device-mapper: core: CONFIG_IMA_DISABLE_HTABLE is disabled. Duplicate IMA measurements will not be recorded in the IMA log.
[    0.339314] device-mapper: uevent: version 1.0.3
[    0.339354] device-mapper: ioctl: 4.45.0-ioctl (2021-03-22) initialised: dm-devel@redhat.com
[    0.339377] platform eisa.0: Probing EISA bus 0
[    0.339379] platform eisa.0: EISA: Cannot allocate resource for mainboard
[    0.339381] platform eisa.0: Cannot allocate resource for EISA slot 1
[    0.339383] platform eisa.0: Cannot allocate resource for EISA slot 2
[    0.339385] platform eisa.0: Cannot allocate resource for EISA slot 3
[    0.339387] platform eisa.0: Cannot allocate resource for EISA slot 4
[    0.339389] platform eisa.0: Cannot allocate resource for EISA slot 5
[    0.339390] platform eisa.0: Cannot allocate resource for EISA slot 6
[    0.339392] platform eisa.0: Cannot allocate resource for EISA slot 7
[    0.339394] platform eisa.0: Cannot allocate resource for EISA slot 8
[    0.339395] platform eisa.0: EISA: Detected 0 cards
[    0.339400] intel_pstate: Intel P-state driver initializing
[    0.340021] ledtrig-cpu: registered to indicate activity on CPUs
[    0.340066] EFI Variables Facility v0.08 2004-May-17
[    0.341186] efivars: duplicate variable: Boot0001-8be4df61-93ca-11d2-aa0d-00e098032b8c
[    0.341278] drop_monitor: Initializing network drop monitor service
[    0.341399] NET: Registered PF_INET6 protocol family
[    0.654235] usb 1-1: new high-speed USB device number 2 using ehci-pci
[    0.678338] usb 2-1: new high-speed USB device number 2 using ehci-pci
[    0.793701] Freeing initrd memory: 185472K
[    0.798573] Segment Routing with IPv6
[    0.798585] In-situ OAM (IOAM) with IPv6
[    0.798606] NET: Registered PF_PACKET protocol family
[    0.798647] Key type dns_resolver registered
[    0.799090] microcode: sig=0x306c3, pf=0x2, revision=0x28
[    0.799280] microcode: Microcode Update Driver: v2.2.
[    0.799285] IPI shorthand broadcast: enabled
[    0.799302] sched_clock: Marking stable (798819714, 458352)->(848605095, -49327029)
[    0.799588] registered taskstats version 1
[    0.799731] Loading compiled-in X.509 certificates
[    0.800302] Loaded X.509 cert 'Build time autogenerated kernel key: 8584d6936bc49d8c8f6c326ac11854e3624115ca'
[    0.800796] Loaded X.509 cert 'Canonical Ltd. Live Patch Signing: 14df34d1a87cf37625abec039ef2bf521249b969'
[    0.801274] Loaded X.509 cert 'Canonical Ltd. Kernel Module Signing: 88f752e560a1e0737e31163a466ad7b70a850c19'
[    0.801276] blacklist: Loading compiled-in revocation X.509 certificates
[    0.801289] Loaded X.509 cert 'Canonical Ltd. Secure Boot Signing: 61482aa2830d0ab2ad5af10b7250da9033ddcef0'
[    0.801439] zswap: loaded using pool lzo/zbud
[    0.801826] Key type ._fscrypt registered
[    0.801828] Key type .fscrypt registered
[    0.801829] Key type fscrypt-provisioning registered
[    0.801874] pstore: Using crash dump compression: deflate
[    0.803726] Key type encrypted registered
[    0.803731] AppArmor: AppArmor sha1 policy hashing enabled
[    0.804061] integrity: Loading X.509 certificate: UEFI:MokListRT (MOKvar table)
[    0.804251] integrity: Loaded X.509 cert 'Canonical Ltd. Master Certificate Authority: ad91990bc22ab1f517048c23b6655a268e345a63'
[    0.804255] ima: No TPM chip found, activating TPM-bypass!
[    0.804257] Loading compiled-in module X.509 certificates
[    0.804719] Loaded X.509 cert 'Build time autogenerated kernel key: 8584d6936bc49d8c8f6c326ac11854e3624115ca'
[    0.804721] ima: Allocated hash algorithm: sha1
[    0.804726] ima: No architecture policies found
[    0.804735] evm: Initialising EVM extended attributes:
[    0.804736] evm: security.selinux
[    0.804738] evm: security.SMACK64
[    0.804739] evm: security.SMACK64EXEC
[    0.804740] evm: security.SMACK64TRANSMUTE
[    0.804741] evm: security.SMACK64MMAP
[    0.804742] evm: security.apparmor
[    0.804743] evm: security.ima
[    0.804745] evm: security.capability
[    0.804746] evm: HMAC attrs: 0x1
[    0.804959] PM:   Magic number: 14:563:1000
[    0.804989] rtc_cmos 00:02: hash matches
[    0.805102] RAS: Correctable Errors collector initialized.
[    0.805955] Freeing unused decrypted memory: 2036K
[    0.806303] Freeing unused kernel image (initmem) memory: 3232K
[    0.818659] usb 1-1: New USB device found, idVendor=8087, idProduct=8008, bcdDevice= 0.05
[    0.818678] usb 1-1: New USB device strings: Mfr=0, Product=0, SerialNumber=0
[    0.819108] hub 1-1:1.0: USB hub found
[    0.819350] hub 1-1:1.0: 4 ports detected
[    0.834652] usb 2-1: New USB device found, idVendor=8087, idProduct=8000, bcdDevice= 0.05
[    0.834660] usb 2-1: New USB device strings: Mfr=0, Product=0, SerialNumber=0
[    0.835111] hub 2-1:1.0: USB hub found
[    0.835315] hub 2-1:1.0: 6 ports detected
[    0.850347] Write protecting the kernel read-only data: 30720k
[    0.850711] Freeing unused kernel image (text/rodata gap) memory: 2036K
[    0.850923] Freeing unused kernel image (rodata/data gap) memory: 1476K
[    0.888955] x86/mm: Checked W+X mappings: passed, no W+X pages found.
[    0.888958] x86/mm: Checking user space page tables
[    0.925436] x86/mm: Checked W+X mappings: passed, no W+X pages found.
[    0.925442] Run /init as init process
[    0.925443]   with arguments:
[    0.925444]     /init
[    0.925445]   with environment:
[    0.925446]     HOME=/
[    0.925446]     TERM=linux
[    0.925447]     BOOT_IMAGE=/vmlinuz-5.15.0-53-generic
[    0.999124] ahci 0000:00:1f.2: version 3.0
[    0.999220] e1000e: Intel(R) PRO/1000 Network Driver
[    0.999228] e1000e: Copyright(c) 1999 - 2015 Intel Corporation.
[    1.000220] xhci_hcd 0000:00:14.0: xHCI Host Controller
[    1.000636] xhci_hcd 0000:00:14.0: new USB bus registered, assigned bus number 3
[    1.000696] e1000e 0000:00:19.0: Interrupt Throttling Rate (ints/sec) set to dynamic conservative mode
[    1.000697] ahci 0000:00:1f.2: AHCI 0001.0300 32 slots 6 ports 6 Gbps 0x3f impl SATA mode
[    1.000705] ahci 0000:00:1f.2: flags: 64bit ncq pm led clo pio slum part ems apst
[    1.001293] ACPI Warning: SystemIO range 0x0000000000001828-0x000000000000182F conflicts with OpRegion 0x0000000000001800-0x000000000000187F (\PMIO) (20210730/utaddress-204)
[    1.001304] ACPI: OSL: Resource conflict; ACPI support missing from driver?
[    1.001315] ACPI Warning: SystemIO range 0x0000000000001C40-0x0000000000001C4F conflicts with OpRegion 0x0000000000001C00-0x0000000000001FFF (\GPR) (20210730/utaddress-204)
[    1.001323] ACPI: OSL: Resource conflict; ACPI support missing from driver?
[    1.001326] ACPI Warning: SystemIO range 0x0000000000001C30-0x0000000000001C3F conflicts with OpRegion 0x0000000000001C00-0x0000000000001C3F (\GPRL) (20210730/utaddress-204)
[    1.001334] ACPI Warning: SystemIO range 0x0000000000001C30-0x0000000000001C3F conflicts with OpRegion 0x0000000000001C00-0x0000000000001FFF (\GPR) (20210730/utaddress-204)
[    1.001341] ACPI: OSL: Resource conflict; ACPI support missing from driver?
[    1.001344] ACPI Warning: SystemIO range 0x0000000000001C00-0x0000000000001C2F conflicts with OpRegion 0x0000000000001C00-0x0000000000001C3F (\GPRL) (20210730/utaddress-204)
[    1.001352] ACPI Warning: SystemIO range 0x0000000000001C00-0x0000000000001C2F conflicts with OpRegion 0x0000000000001C00-0x0000000000001FFF (\GPR) (20210730/utaddress-204)
[    1.001359] ACPI: OSL: Resource conflict; ACPI support missing from driver?
[    1.001361] lpc_ich: Resource conflict(s) found affecting gpio_ich
[    1.001714] xhci_hcd 0000:00:14.0: hcc params 0x200077c1 hci version 0x100 quirks 0x0000000000009810
[    1.004963] dca service started, version 1.12.1
[    1.005177] xhci_hcd 0000:00:14.0: xHCI Host Controller
[    1.005186] xhci_hcd 0000:00:14.0: new USB bus registered, assigned bus number 4
[    1.005194] xhci_hcd 0000:00:14.0: Host supports USB 3.0 SuperSpeed
[    1.005248] usb usb3: New USB device found, idVendor=1d6b, idProduct=0002, bcdDevice= 5.15
[    1.005252] usb usb3: New USB device strings: Mfr=3, Product=2, SerialNumber=1
[    1.005256] usb usb3: Product: xHCI Host Controller
[    1.005258] usb usb3: Manufacturer: Linux 5.15.0-53-generic xhci-hcd
[    1.005261] usb usb3: SerialNumber: 0000:00:14.0
[    1.009342] i801_smbus 0000:00:1f.3: SPD Write Disable is set
[    1.009363] i801_smbus 0000:00:1f.3: SMBus using PCI interrupt
[    1.010616] igb: Intel(R) Gigabit Ethernet Network Driver
[    1.010621] igb: Copyright (c) 2007-2014 Intel Corporation.
[    1.013497] hub 3-0:1.0: USB hub found
[    1.013524] hub 3-0:1.0: 10 ports detected
[    1.014390] i2c i2c-0: 4/4 memory slots populated (from DMI)
[    1.015716] i2c i2c-0: Successfully instantiated SPD at 0x50
[    1.017190] i2c i2c-0: Successfully instantiated SPD at 0x51
[    1.020648] cryptd: max_cpu_qlen set to 1000
[    1.025985] i2c i2c-0: Successfully instantiated SPD at 0x52
[    1.031042] i2c i2c-0: Successfully instantiated SPD at 0x53
[    1.033103] AVX2 version of gcm_enc/dec engaged.
[    1.033179] AES CTR mode by8 optimization enabled
[    1.046677] usb usb4: New USB device found, idVendor=1d6b, idProduct=0003, bcdDevice= 5.15
[    1.046690] usb usb4: New USB device strings: Mfr=3, Product=2, SerialNumber=1
[    1.046694] usb usb4: Product: xHCI Host Controller
[    1.046698] usb usb4: Manufacturer: Linux 5.15.0-53-generic xhci-hcd
[    1.046701] usb usb4: SerialNumber: 0000:00:14.0
[    1.046894] hub 4-0:1.0: USB hub found
[    1.046916] hub 4-0:1.0: 2 ports detected
[    1.048761] pps pps0: new PPS source ptp0
[    1.048809] igb 0000:04:00.0: added PHC on eth0
[    1.048814] igb 0000:04:00.0: Intel(R) Gigabit Ethernet Network Connection
[    1.048818] igb 0000:04:00.0: eth0: (PCIe:2.5Gb/s:Width x1) 0c:c4:7a:99:ce:14
[    1.048893] igb 0000:04:00.0: eth0: PBA No: 011000-000
[    1.048896] igb 0000:04:00.0: Using MSI-X interrupts. 4 rx queue(s), 4 tx queue(s)
[    1.059138] scsi host0: ahci
[    1.059312] scsi host1: ahci
[    1.059630] scsi host2: ahci
[    1.059747] scsi host3: ahci
[    1.059855] scsi host4: ahci
[    1.059977] scsi host5: ahci
[    1.060022] ata1: SATA max UDMA/133 abar m2048@0xf7231000 port 0xf7231100 irq 28
[    1.060027] ata2: SATA max UDMA/133 abar m2048@0xf7231000 port 0xf7231180 irq 28
[    1.060030] ata3: SATA max UDMA/133 abar m2048@0xf7231000 port 0xf7231200 irq 28
[    1.060033] ata4: SATA max UDMA/133 abar m2048@0xf7231000 port 0xf7231280 irq 28
[    1.060037] ata5: SATA max UDMA/133 abar m2048@0xf7231000 port 0xf7231300 irq 28
[    1.060040] ata6: SATA max UDMA/133 abar m2048@0xf7231000 port 0xf7231380 irq 28
[    1.069503] igb 0000:04:00.0 eno1: renamed from eth0
[    1.109174] e1000e 0000:00:19.0 0000:00:19.0 (uninitialized): registered PHC clock
[    1.209526] e1000e 0000:00:19.0 eth0: (PCI Express:2.5GT/s:Width x1) 88:88:88:88:87:88
[    1.209536] e1000e 0000:00:19.0 eth0: Intel(R) PRO/1000 Network Connection
[    1.209590] e1000e 0000:00:19.0 eth0: MAC: 10, PHY: 12, PBA No: FFFFFF-0FF
[    1.262239] tsc: Refined TSC clocksource calibration: 3399.995 MHz
[    1.262249] clocksource: tsc: mask: 0xffffffffffffffff max_cycles: 0x31024979924, max_idle_ns: 440795225636 ns
[    1.262277] clocksource: Switched to clocksource tsc
[    1.373763] ata4: SATA link up 3.0 Gbps (SStatus 123 SControl 300)
[    1.373792] ata1: SATA link down (SStatus 0 SControl 300)
[    1.373817] ata5: SATA link down (SStatus 0 SControl 300)
[    1.373849] ata2: SATA link down (SStatus 0 SControl 300)
[    1.373874] ata3: SATA link down (SStatus 0 SControl 300)
[    1.373897] ata6: SATA link down (SStatus 0 SControl 300)
[    1.374102] ata4.00: ATA-10: KINGSTON SA400S37240G, SBFKB1D2, max UDMA/133
[    1.374190] ata4.00: 468862128 sectors, multi 1: LBA48 NCQ (depth 32), AA
[    1.374567] ata4.00: configured for UDMA/133
[    1.374675] scsi 3:0:0:0: Direct-Access     ATA      KINGSTON SA400S3 B1D2 PQ: 0 ANSI: 5
[    1.374882] sd 3:0:0:0: Attached scsi generic sg0 type 0
[    1.374974] sd 3:0:0:0: [sda] 468862128 512-byte logical blocks: (240 GB/224 GiB)
[    1.374989] sd 3:0:0:0: [sda] Write Protect is off
[    1.374994] sd 3:0:0:0: [sda] Mode Sense: 00 3a 00 00
[    1.375013] sd 3:0:0:0: [sda] Write cache: enabled, read cache: enabled, doesn't support DPO or FUA
[    1.390273] usb 3-3: new high-speed USB device number 2 using xhci_hcd
[    1.392226]  sda: sda1 sda2 sda3
[    1.414470] sd 3:0:0:0: [sda] Attached SCSI disk
[    1.417531] e1000e 0000:00:19.0 eno2: renamed from eth0
[    1.420530] ast 0000:03:00.0: [drm] Using P2A bridge for configuration
[    1.420546] ast 0000:03:00.0: [drm] AST 2400 detected
[    1.420559] ast 0000:03:00.0: [drm] Analog VGA only
[    1.420568] ast 0000:03:00.0: [drm] dram MCLK=408 Mhz type=1 bus_width=16
[    1.420894] [drm] Initialized ast 0.1.0 20120228 for 0000:03:00.0 on minor 0
[    1.542656] usb 3-3: New USB device found, idVendor=0557, idProduct=7000, bcdDevice= 0.00
[    1.542664] usb 3-3: New USB device strings: Mfr=0, Product=0, SerialNumber=0
[    1.543333] hub 3-3:1.0: USB hub found
[    1.543441] hub 3-3:1.0: 4 ports detected
[    1.566051] fbcon: astdrmfb (fb0) is primary device
[    1.608511] Console: switching to colour frame buffer device 210x65
[    1.614284] ast 0000:03:00.0: [drm] fb0: astdrmfb frame buffer device
[    1.670253] usb 3-5: new full-speed USB device number 3 using xhci_hcd
[    1.819671] usb 3-5: New USB device found, idVendor=1532, idProduct=0214, bcdDevice= 2.00
[    1.819707] usb 3-5: New USB device strings: Mfr=1, Product=2, SerialNumber=0
[    1.819723] usb 3-5: Product: Razer BlackWidow Ultimate 2016
[    1.819737] usb 3-5: Manufacturer: Razer
[    1.826036] hid: raw HID events driver (C) Jiri Kosina
[    1.828988] usbcore: registered new interface driver usbhid
[    1.829018] usbhid: USB HID core driver
[    1.831198] input: Razer Razer BlackWidow Ultimate 2016 as /devices/pci0000:00/0000:00:14.0/usb3/3-5/3-5:1.0/0003:1532:0214.0001/input/input3
[    1.851633] nvidia: loading out-of-tree module taints kernel.
[    1.851658] nvidia: module license 'NVIDIA' taints kernel.
[    1.851671] Disabling lock debugging due to kernel taint
[    1.864798] nvidia: module verification failed: signature and/or required key missing - tainting kernel
[    1.878099] nvidia-nvlink: Nvlink Core is being initialized, major device number 235

[    1.879164] nvidia 0000:01:00.0: enabling device (0000 -> 0002)
[    1.879247] NVRM: This PCI I/O region assigned to your NVIDIA device is invalid:
               NVRM: BAR1 is 0M @ 0x0 (PCI:0000:01:00.0)
[    1.879278] nvidia: probe of 0000:01:00.0 failed with error -1
[    1.879303] NVRM: The NVIDIA probe routine failed for 1 device(s).
[    1.879318] NVRM: None of the NVIDIA devices were initialized.
[    1.879509] nvidia-nvlink: Unregistered Nvlink Core, major device number 235
[    1.894496] hid-generic 0003:1532:0214.0001: input,hidraw0: USB HID v1.11 Keyboard [Razer Razer BlackWidow Ultimate 2016] on usb-0000:00:14.0-5/input0
[    1.895583] input: Razer Razer BlackWidow Ultimate 2016 Keyboard as /devices/pci0000:00/0000:00:14.0/usb3/3-5/3-5:1.1/0003:1532:0214.0002/input/input4
[    1.918275] usb 3-3.1: new low-speed USB device number 4 using xhci_hcd
[    1.958409] input: Razer Razer BlackWidow Ultimate 2016 as /devices/pci0000:00/0000:00:14.0/usb3/3-5/3-5:1.1/0003:1532:0214.0002/input/input5
[    1.959327] hid-generic 0003:1532:0214.0002: input,hidraw1: USB HID v1.11 Keyboard [Razer Razer BlackWidow Ultimate 2016] on usb-0000:00:14.0-5/input1
[    1.959501] input: Razer Razer BlackWidow Ultimate 2016 as /devices/pci0000:00/0000:00:14.0/usb3/3-5/3-5:1.2/0003:1532:0214.0003/input/input6
[    1.959990] hid-generic 0003:1532:0214.0003: input,hidraw2: USB HID v1.11 Mouse [Razer Razer BlackWidow Ultimate 2016] on usb-0000:00:14.0-5/input2
[    2.050623] usb 3-3.1: New USB device found, idVendor=0557, idProduct=2419, bcdDevice= 1.00
[    2.050652] usb 3-3.1: New USB device strings: Mfr=0, Product=0, SerialNumber=0
[    2.057327] input: HID 0557:2419 as /devices/pci0000:00/0000:00:14.0/usb3/3-3/3-3.1/3-3.1:1.0/0003:0557:2419.0004/input/input7
[    2.114356] hid-generic 0003:0557:2419.0004: input,hidraw3: USB HID v1.00 Keyboard [HID 0557:2419] on usb-0000:00:14.0-3.1/input0
[    2.115782] input: HID 0557:2419 as /devices/pci0000:00/0000:00:14.0/usb3/3-3/3-3.1/3-3.1:1.1/0003:0557:2419.0005/input/input8
[    2.116603] hid-generic 0003:0557:2419.0005: input,hidraw4: USB HID v1.00 Mouse [HID 0557:2419] on usb-0000:00:14.0-3.1/input1
[    2.396873] nvidia-nvlink: Nvlink Core is being initialized, major device number 235
[    2.397382] NVRM: This PCI I/O region assigned to your NVIDIA device is invalid:
               NVRM: BAR1 is 0M @ 0x0 (PCI:0000:01:00.0)
[    2.400733] nvidia: probe of 0000:01:00.0 failed with error -1
[    2.402644] NVRM: The NVIDIA probe routine failed for 1 device(s).
[    2.404504] NVRM: None of the NVIDIA devices were initialized.
[    2.406444] nvidia-nvlink: Unregistered Nvlink Core, major device number 235
[    2.650220] raid6: avx2x4   gen() 36419 MB/s
[    2.718220] raid6: avx2x4   xor() 12806 MB/s
[    2.786221] raid6: avx2x2   gen() 34857 MB/s
[    2.854220] raid6: avx2x2   xor() 21385 MB/s
[    2.922220] raid6: avx2x1   gen() 32267 MB/s
[    2.990220] raid6: avx2x1   xor() 18935 MB/s
[    3.058221] raid6: sse2x4   gen() 20135 MB/s
[    3.126221] raid6: sse2x4   xor() 11524 MB/s
[    3.194221] raid6: sse2x2   gen() 19291 MB/s
[    3.262221] raid6: sse2x2   xor() 12272 MB/s
[    3.330220] raid6: sse2x1   gen() 16851 MB/s
[    3.398221] raid6: sse2x1   xor() 11157 MB/s
[    3.399108] raid6: using algorithm avx2x4 gen() 36419 MB/s
[    3.399968] raid6: .... xor() 12806 MB/s, rmw enabled
[    3.400822] raid6: using avx2x2 recovery algorithm
[    3.405603] xor: automatically using best checksumming function   avx
[    3.414211] async_tx: api initialized (async)
[    3.648927] Btrfs loaded, crc32c=crc32c-intel, zoned=yes, fsverity=yes
[    3.854526] EXT4-fs (dm-0): mounted filesystem with ordered data mode. Opts: (null). Quota mode: none.
[    4.114666] systemd[1]: Inserted module 'autofs4'
[    4.141769] efivars: duplicate variable: Boot0001-8be4df61-93ca-11d2-aa0d-00e098032b8c
[    4.155333] systemd[1]: systemd 249.11-0ubuntu3.6 running in system mode (+PAM +AUDIT +SELINUX +APPARMOR +IMA +SMACK +SECCOMP +GCRYPT +GNUTLS +OPENSSL +ACL +BLKID +CURL +ELFUTILS +FIDO2 +IDN2 -IDN +IPTC +KMOD +LIBCRYPTSETUP +LIBFDISK +PCRE2 -PWQUALITY -P11KIT -QRENCODE +BZIP2 +LZ4 +XZ +ZLIB +ZSTD -XKBCOMMON +UTMP +SYSVINIT default-hierarchy=unified)
[    4.178442] systemd[1]: Detected architecture x86-64.
[    4.186058] systemd[1]: Hostname set to <nils-server-04>.
[    4.418309] systemd[1]: Queued start job for default target Graphical Interface.
[    4.479258] systemd[1]: Created slice Slice /system/modprobe.
[    4.481629] systemd[1]: Created slice Slice /system/systemd-fsck.
[    4.483774] systemd[1]: Created slice User and Session Slice.
[    4.485688] systemd[1]: Started Forward Password Requests to Wall Directory Watch.
[    4.487631] systemd[1]: Set up automount Arbitrary Executable File Formats File System Automount Point.
[    4.489452] systemd[1]: Reached target Slice Units.
[    4.491206] systemd[1]: Reached target Local Verity Protected Volumes.
[    4.492956] systemd[1]: Listening on Device-mapper event daemon FIFOs.
[    4.499389] systemd[1]: Listening on LVM2 poll daemon socket.
[    4.502683] systemd[1]: Listening on multipathd control socket.
[    4.505346] systemd[1]: Listening on Syslog Socket.
[    4.508270] systemd[1]: Listening on fsck to fsckd communication Socket.
[    4.511116] systemd[1]: Listening on initctl Compatibility Named Pipe.
[    4.514622] systemd[1]: Listening on Journal Audit Socket.
[    4.518192] systemd[1]: Listening on Journal Socket (/dev/log).
[    4.521550] systemd[1]: Listening on Journal Socket.
[    4.524844] systemd[1]: Listening on Network Service Netlink Socket.
[    4.527957] systemd[1]: Listening on udev Control Socket.
[    4.531017] systemd[1]: Listening on udev Kernel Socket.
[    4.535613] systemd[1]: Mounting Huge Pages File System...
[    4.540449] systemd[1]: Mounting POSIX Message Queue File System...
[    4.545325] systemd[1]: Mounting Kernel Debug File System...
[    4.549996] systemd[1]: Mounting Kernel Trace File System...
[    4.556386] systemd[1]: Starting Journal Service...
[    4.561836] systemd[1]: Starting Set the console keyboard layout...
[    4.566919] systemd[1]: Starting Create List of Static Device Nodes...
[    4.573281] systemd[1]: Starting Monitoring of LVM2 mirrors, snapshots etc. using dmeventd or progress polling...
[    4.577687] systemd[1]: Condition check resulted in LXD - agent being skipped.
[    4.581511] systemd[1]: Starting Load Kernel Module chromeos_pstore...
[    4.589596] systemd[1]: Starting Load Kernel Module configfs...
[    4.597564] systemd[1]: Starting Load Kernel Module drm...
[    4.603304] systemd[1]: Starting Load Kernel Module efi_pstore...
[    4.610046] systemd[1]: Starting Load Kernel Module fuse...
[    4.613394] efivars: duplicate variable: Boot0001-8be4df61-93ca-11d2-aa0d-00e098032b8c
[    4.617850] pstore: ignoring unexpected backend 'efi'
[    4.625731] systemd[1]: Starting Load Kernel Module pstore_blk...
[    4.631627] systemd[1]: Starting Load Kernel Module pstore_zone...
[    4.639772] systemd[1]: Starting Load Kernel Module ramoops...
[    4.644229] systemd[1]: Condition check resulted in OpenVSwitch configuration for cleanup being skipped.
[    4.646479] systemd[1]: Condition check resulted in File System Check on Root Device being skipped.
[    4.651630] systemd[1]: Starting Load Kernel Modules...
[    4.658696] systemd[1]: Starting Remount Root and Kernel File Systems...
[    4.668742] systemd[1]: Starting Coldplug All udev Devices...
[    4.675090] EXT4-fs (dm-0): re-mounted. Opts: (null). Quota mode: none.
[    4.676501] systemd[1]: Mounted Huge Pages File System.
[    4.683621] systemd[1]: Mounted POSIX Message Queue File System.
[    4.688255] systemd[1]: Mounted Kernel Debug File System.
[    4.692785] systemd[1]: Mounted Kernel Trace File System.
[    4.697604] systemd[1]: Finished Set the console keyboard layout.
[    4.702781] systemd[1]: Finished Create List of Static Device Nodes.
[    4.707288] systemd[1]: modprobe@configfs.service: Deactivated successfully.
[    4.709637] systemd[1]: Finished Load Kernel Module configfs.
[    4.714074] systemd[1]: modprobe@drm.service: Deactivated successfully.
[    4.716676] systemd[1]: Finished Load Kernel Module drm.
[    4.721266] systemd[1]: modprobe@efi_pstore.service: Deactivated successfully.
[    4.723594] systemd[1]: Finished Load Kernel Module efi_pstore.
[    4.728311] systemd[1]: modprobe@fuse.service: Deactivated successfully.
[    4.731129] systemd[1]: Finished Load Kernel Module fuse.
[    4.735545] systemd[1]: modprobe@pstore_blk.service: Deactivated successfully.
[    4.737833] systemd[1]: Finished Load Kernel Module pstore_blk.
[    4.742536] systemd[1]: modprobe@pstore_zone.service: Deactivated successfully.
[    4.744704] systemd[1]: Finished Load Kernel Module pstore_zone.
[    4.749323] systemd[1]: modprobe@ramoops.service: Deactivated successfully.
[    4.751858] systemd[1]: Finished Load Kernel Module ramoops.
[    4.756856] systemd[1]: Finished Load Kernel Modules.
[    4.761575] systemd[1]: Finished Remount Root and Kernel File Systems.
[    4.768365] systemd[1]: Activating swap /swap.img...
[    4.776262] systemd[1]: Mounting FUSE Control File System...
[    4.776497] Adding 4194300k swap on /swap.img.  Priority:-2 extents:3 across:27123712k SSFS
[    4.785809] systemd[1]: Mounting Kernel Configuration File System...
[    4.793960] systemd[1]: Starting Device-Mapper Multipath Device Controller...
[    4.802979] systemd[1]: Starting Load/Save Random Seed...
[    4.812488] systemd[1]: Starting Apply Kernel Variables...
[    4.818290] systemd[1]: Starting Create System Users...
[    4.824832] systemd[1]: Activated swap /swap.img.
[    4.828865] systemd[1]: Started Journal Service.
[    4.850216] alua: device handler registered
[    4.854069] systemd-journald[465]: Received client request to flush runtime journal.
[    4.857702] emc: device handler registered
[    4.868543] rdac: device handler registered
[    4.870825] systemd-journald[465]: File /var/log/journal/4e8f455cad004f2cb513488af594003a/system.journal corrupted or uncleanly shut down, renaming and replacing.
[    5.018427] loop0: detected capacity change from 0 to 126896
[    5.018572] loop1: detected capacity change from 0 to 129520
[    5.023329] loop2: detected capacity change from 0 to 163736
[    5.027716] loop3: detected capacity change from 0 to 210912
[    5.033704] loop4: detected capacity change from 0 to 101624
[    5.229635] IPMI message handler: version 39.2
[    5.230979] EDAC MC0: Giving out device to module ie31200_edac controller IE31200: DEV 0000:00:00.0 (POLLED)
[    5.234302] ipmi device interface
[    5.274444] ipmi_si: IPMI System Interface driver
[    5.274465] ipmi_si dmi-ipmi-si.0: ipmi_platform: probing via SMBIOS
[    5.274468] ipmi_platform: ipmi_si: SMBIOS: io 0xca2 regsize 1 spacing 1 irq 0
[    5.274471] ipmi_si: Adding SMBIOS-specified kcs state machine
[    5.274518] ipmi_si IPI0001:00: ipmi_platform: probing via ACPI
[    5.274680] intel_pch_thermal 0000:00:1f.6: enabling device (0000 -> 0002)
[    5.274695] at24 0-0050: supply vcc not found, using dummy regulator
[    5.274725] ipmi_si IPI0001:00: ipmi_platform: [io  0x0ca2] regsize 1 spacing 1 irq 0
[    5.275271] at24 0-0050: 256 byte spd EEPROM, read-only
[    5.275315] at24 0-0051: supply vcc not found, using dummy regulator
[    5.275852] at24 0-0051: 256 byte spd EEPROM, read-only
[    5.275870] at24 0-0052: supply vcc not found, using dummy regulator
[    5.276401] at24 0-0052: 256 byte spd EEPROM, read-only
[    5.276431] at24 0-0053: supply vcc not found, using dummy regulator
[    5.276982] at24 0-0053: 256 byte spd EEPROM, read-only
[    5.311670] ipmi_si dmi-ipmi-si.0: Removing SMBIOS-specified kcs state machine in favor of ACPI
[    5.311675] ipmi_si: Adding ACPI-specified kcs state machine
[    5.313098] ipmi_si: Trying ACPI-specified kcs state machine at i/o address 0xca2, slave address 0x0, irq 0
[    5.441894] RAPL PMU: API unit is 2^-32 Joules, 3 fixed counters, 655360 ms ovfl timer
[    5.441897] RAPL PMU: hw unit of domain pp0-core 2^-14 Joules
[    5.441898] RAPL PMU: hw unit of domain package 2^-14 Joules
[    5.441898] RAPL PMU: hw unit of domain dram 2^-14 Joules
[    5.706269] ipmi_si IPI0001:00: The BMC does not support clearing the recv irq bit, compensating, but the BMC needs to be fixed.
[    5.838338] ipmi_si IPI0001:00: IPMI message handler: Found new BMC (man_id: 0x002a7c, prod_id: 0x0801, dev_id: 0x20)[    5.879750] ipmi_si IPI0001:00: IPMI kcs interface initialized
[    5.881854] ipmi_ssif: IPMI SSIF Interface driver
[    6.120351] EXT4-fs (sda2): mounted filesystem with ordered data mode. Opts: (null). Quota mode: none.
[    6.169481] nvidia-nvlink: Nvlink Core is being initialized, major device number 234
[    6.169492] NVRM: This PCI I/O region assigned to your NVIDIA device is invalid:
               NVRM: BAR1 is 0M @ 0x0 (PCI:0000:01:00.0)
[    6.177446] nvidia: probe of 0000:01:00.0 failed with error -1
[    6.177534] NVRM: The NVIDIA probe routine failed for 1 device(s).
[    6.177535] NVRM: None of the NVIDIA devices were initialized.
[    6.178011] nvidia-nvlink: Unregistered Nvlink Core, major device number 234
[    6.178474] intel_rapl_common: Found RAPL domain package
[    6.178498] intel_rapl_common: Found RAPL domain core
[    6.178504] intel_rapl_common: Found RAPL domain dram
[    6.248096] audit: type=1400 audit(1669748275.399:2): apparmor="STATUS" operation="profile_load" profile="unconfined" name="/usr/bin/man" pid=725 comm="apparmor_parser"
[    6.248111] audit: type=1400 audit(1669748275.399:3): apparmor="STATUS" operation="profile_load" profile="unconfined" name="man_filter" pid=725 comm="apparmor_parser"
[    6.248114] audit: type=1400 audit(1669748275.399:4): apparmor="STATUS" operation="profile_load" profile="unconfined" name="man_groff" pid=725 comm="apparmor_parser"
[    6.248129] audit: type=1400 audit(1669748275.403:5): apparmor="STATUS" operation="profile_load" profile="unconfined" name="lsb_release" pid=722 comm="apparmor_parser"
[    6.250969] audit: type=1400 audit(1669748275.407:6): apparmor="STATUS" operation="profile_load" profile="unconfined" name="/usr/lib/snapd/snap-confine" pid=727 comm="apparmor_parser"
[    6.250992] audit: type=1400 audit(1669748275.407:7): apparmor="STATUS" operation="profile_load" profile="unconfined" name="/usr/lib/snapd/snap-confine//mount-namespace-capture-helper" pid=727 comm="apparmor_parser"
[    6.253797] audit: type=1400 audit(1669748275.407:8): apparmor="STATUS" operation="profile_load" profile="unconfined" name="nvidia_modprobe" pid=723 comm="apparmor_parser"
[    6.253831] audit: type=1400 audit(1669748275.407:9): apparmor="STATUS" operation="profile_load" profile="unconfined" name="nvidia_modprobe//kmod" pid=723 comm="apparmor_parser"
[    6.257041] audit: type=1400 audit(1669748275.411:10): apparmor="STATUS" operation="profile_load" profile="unconfined" name="tcpdump" pid=726 comm="apparmor_parser"
[    6.258437] audit: type=1400 audit(1669748275.415:11): apparmor="STATUS" operation="profile_load" profile="unconfined" name="/usr/lib/NetworkManager/nm-dhcp-client.action" pid=724 comm="apparmor_parser"
[    6.754325] nvidia-nvlink: Nvlink Core is being initialized, major device number 234
[    6.754331] NVRM: This PCI I/O region assigned to your NVIDIA device is invalid:
               NVRM: BAR1 is 0M @ 0x0 (PCI:0000:01:00.0)
[    6.758352] nvidia: probe of 0000:01:00.0 failed with error -1
[    6.758584] NVRM: The NVIDIA probe routine failed for 1 device(s).
[    6.758612] NVRM: None of the NVIDIA devices were initialized.
[    6.760496] nvidia-nvlink: Unregistered Nvlink Core, major device number 234
[    7.277665] nvidia-nvlink: Nvlink Core is being initialized, major device number 234
[    7.277673] NVRM: This PCI I/O region assigned to your NVIDIA device is invalid:
               NVRM: BAR1 is 0M @ 0x0 (PCI:0000:01:00.0)